
[1m[30m[46m RUN [49m[39m[22m [36mv4.1.11 [39m[90m/Volumes/devbox/9router/qualification/task5-repro-eb43b1bbf03242c1/baseline-mirror[39m

 [31m×[39m tests/unit/passthrough-done.test.js[2m > [22mnative Responses passthrough terminal framing[2m > [22mpreserves one upstream terminal sentinel for "data: [DONE]\n\n"[32m 8[2mms[22m[39m
[31m   → Cannot read properties of undefined (reading 'catch')[39m
 [31m×[39m tests/unit/passthrough-done.test.js[2m > [22mnative Responses passthrough terminal framing[2m > [22mpreserves one upstream terminal sentinel for "data:[DONE]\n\n"[32m 0[2mms[22m[39m
[31m   → Cannot read properties of undefined (reading 'catch')[39m
 [31m×[39m tests/unit/passthrough-done.test.js[2m > [22mnative Responses passthrough terminal framing[2m > [22mpreserves one upstream terminal sentinel for "data: [DONE]"[32m 0[2mms[22m[39m
[31m   → Cannot read properties of undefined (reading 'catch')[39m
 [31m×[39m tests/unit/passthrough-done.test.js[2m > [22mnative Responses passthrough terminal framing[2m > [22madds one missing terminal sentinel[32m 0[2mms[22m[39m
[31m   → Cannot read properties of undefined (reading 'catch')[39m

[31m⎯⎯⎯⎯⎯⎯⎯[39m[1m[41m Failed Tests 4 [49m[22m[31m⎯⎯⎯⎯⎯⎯⎯[39m

[41m[1m FAIL [22m[49m tests/unit/passthrough-done.test.js[2m > [22mnative Responses passthrough terminal framing[2m > [22mpreserves one upstream terminal sentinel for "data: [DONE]\n\n"
[41m[1m FAIL [22m[49m tests/unit/passthrough-done.test.js[2m > [22mnative Responses passthrough terminal framing[2m > [22mpreserves one upstream terminal sentinel for "data:[DONE]\n\n"
[41m[1m FAIL [22m[49m tests/unit/passthrough-done.test.js[2m > [22mnative Responses passthrough terminal framing[2m > [22mpreserves one upstream terminal sentinel for "data: [DONE]"
[41m[1m FAIL [22m[49m tests/unit/passthrough-done.test.js[2m > [22mnative Responses passthrough terminal framing[2m > [22madds one missing terminal sentinel
[31m[1mTypeError[22m: Cannot read properties of undefined (reading 'catch')[39m
[36m [2m❯[22m finalizeStream open-sse/utils/stream.js:[2m108:130[22m[39m
    [90m106|[39m       logUsage(isPassthrough ? provider : (state?.provider || targetFo…
    [90m107|[39m     } [35melse[39m {
    [90m108|[39m       managed.trackWork('persistence', () => appendRequestLog({ model,…
    [90m   |[39m                                                                                                                                  [31m^[39m
    [90m109|[39m     }
    [90m110|[39m
[90m [2m❯[22m Object.transform open-sse/utils/stream.js:[2m253:34[22m[39m

[31m[2m⎯⎯⎯⎯⎯⎯⎯⎯⎯⎯⎯⎯⎯⎯⎯⎯⎯⎯⎯⎯⎯⎯⎯⎯[1/4]⎯[22m[39m


[2m Test Files [22m [1m[31m1 failed[39m[22m[90m (1)[39m
[2m      Tests [22m [1m[31m4 failed[39m[22m[90m (4)[39m
[2m   Start at [22m 19:59:31
[2m   Duration [22m 636ms[2m (transform 374ms, setup 0ms, import 536ms, tests 9ms, environment 0ms)[22m

