npm warn deprecated prebuild-install@7.1.3: No longer maintained. Please contact the author of the relevant native addon; alternatives are available.
npm warn deprecated eslint@9.39.5: This version is no longer supported. Please see https://eslint.org/version-support for other options.

added 592 packages in 42s


added 45 packages in 491ms


added 40 packages in 502ms

Collecting pytest==8.4.2
  Downloading pytest-8.4.2-py3-none-any.whl.metadata (7.7 kB)
Collecting ruff==0.15.18
  Downloading ruff-0.15.18-py3-none-macosx_11_0_arm64.whl.metadata (26 kB)
Collecting iniconfig>=1 (from pytest==8.4.2)
  Downloading iniconfig-2.3.1-py3-none-any.whl.metadata (2.8 kB)
Collecting packaging>=20 (from pytest==8.4.2)
  Downloading packaging-26.3-py3-none-any.whl.metadata (3.5 kB)
Collecting pluggy<2,>=1.5 (from pytest==8.4.2)
  Downloading pluggy-1.6.0-py3-none-any.whl.metadata (4.8 kB)
Collecting pygments>=2.7.2 (from pytest==8.4.2)
  Downloading pygments-2.21.0-py3-none-any.whl.metadata (2.5 kB)
Downloading pytest-8.4.2-py3-none-any.whl (365 kB)
Downloading ruff-0.15.18-py3-none-macosx_11_0_arm64.whl (10.6 MB)
   ━━━━━━━━━━━━━━━━━━━━━━━━━━━━━━━━━━━━━━━━ 10.6/10.6 MB 47.1 MB/s  0:00:00
Downloading pluggy-1.6.0-py3-none-any.whl (20 kB)
Downloading iniconfig-2.3.1-py3-none-any.whl (7.6 kB)
Downloading packaging-26.3-py3-none-any.whl (129 kB)
Downloading pygments-2.21.0-py3-none-any.whl (1.3 MB)
   ━━━━━━━━━━━━━━━━━━━━━━━━━━━━━━━━━━━━━━━━ 1.3/1.3 MB 220.4 MB/s  0:00:00
Installing collected packages: ruff, pygments, pluggy, packaging, iniconfig, pytest

Successfully installed iniconfig-2.3.1 packaging-26.3 pluggy-1.6.0 pygments-2.21.0 pytest-8.4.2 ruff-0.15.18
