============================= test session starts ==============================
platform darwin -- Python 3.14.7, pytest-8.4.2, pluggy-1.6.0 -- /Volumes/devbox/9router/qualification/qualify-9b3966a9e3c449139b67a496f8f9dcb5/python-tools/bin/python
cachedir: .pytest_cache
rootdir: /Volumes/devbox/9router/qualification/qualify-9b3966a9e3c449139b67a496f8f9dcb5/source
collecting ... collected 288 items

tests/mac/test_9router_deploy.py::test_release_build_metadata_stays_confined PASSED [  0%]
tests/mac/test_9router_deploy.py::test_status_skips_invalid_release_entries PASSED [  0%]
tests/mac/test_9router_deploy.py::test_stream_terminal_detection PASSED  [  1%]
tests/mac/test_9router_deploy.py::test_stream_once_rejects_error_before_done_without_retry[event: error\n] PASSED [  1%]
tests/mac/test_9router_deploy.py::test_stream_once_rejects_error_before_done_without_retry[data: {"error":{"message":"failed"}}\n] PASSED [  1%]
tests/mac/test_9router_deploy.py::test_stream_once_rejects_error_before_done_without_retry[data: {"type":"error","error":null}\n] PASSED [  2%]
tests/mac/test_9router_deploy.py::test_stream_once_rejects_error_before_done_without_retry[event: response.failed\n] PASSED [  2%]
tests/mac/test_9router_deploy.py::test_stream_once_rejects_error_before_done_without_retry[data: {"type":"response.incomplete"}\n] PASSED [  2%]
tests/mac/test_9router_deploy.py::test_stream_once_accepts_successful_sse PASSED [  3%]
tests/mac/test_9router_deploy.py::test_probe_retries_transient_then_passes PASSED [  3%]
tests/mac/test_9router_deploy.py::test_probe_wedged_release_still_fails PASSED [  3%]
tests/mac/test_9router_deploy.py::test_probe_non_transient_fails_without_retry PASSED [  4%]
tests/mac/test_9router_deploy.py::test_stream_once_classifies_failures[exc0-True] PASSED [  4%]
tests/mac/test_9router_deploy.py::test_stream_once_classifies_failures[http:503-True] PASSED [  4%]
tests/mac/test_9router_deploy.py::test_stream_once_classifies_failures[http:429-True] PASSED [  5%]
tests/mac/test_9router_deploy.py::test_stream_once_classifies_failures[http:401-False] PASSED [  5%]
tests/mac/test_9router_deploy.py::test_stream_once_classifies_failures[exc4-False] PASSED [  5%]
tests/mac/test_9router_deploy.py::test_adopt_moves_real_dir_behind_symlink PASSED [  6%]
tests/mac/test_9router_deploy.py::test_deploy_ok_switches_pointer PASSED [  6%]
tests/mac/test_9router_deploy.py::test_deploy_refuses_existing_version PASSED [  6%]
tests/mac/test_9router_deploy.py::test_deploy_refuses_without_vm_pass[None] PASSED [  7%]
tests/mac/test_9router_deploy.py::test_deploy_refuses_without_vm_pass[fail] PASSED [  7%]
tests/mac/test_9router_deploy.py::test_deploy_refuses_without_vm_pass[other-bytes] PASSED [  7%]
tests/mac/test_9router_deploy.py::test_deploy_refuses_without_vm_pass[other-deploy] PASSED [  8%]
tests/mac/test_9router_deploy.py::test_deploy_inside_vm_needs_no_record PASSED [  8%]
tests/mac/test_9router_deploy.py::test_failed_verify_rolls_back PASSED   [  9%]
tests/mac/test_9router_deploy.py::test_rollback_targets_what_live_version_replaced PASSED [  9%]
tests/mac/test_9router_deploy.py::test_enrolled_dispatch_never_enters_legacy_mutation[deploy] PASSED [  9%]
tests/mac/test_9router_deploy.py::test_enrolled_dispatch_never_enters_legacy_mutation[rollback] PASSED [ 10%]
tests/mac/test_9router_deploy.py::test_release_path_rejects_invalid_version_before_join[../escape] PASSED [ 10%]
tests/mac/test_9router_deploy.py::test_release_path_rejects_invalid_version_before_join[/absolute] PASSED [ 10%]
tests/mac/test_9router_deploy.py::test_release_path_rejects_invalid_version_before_join[v2/nested] PASSED [ 11%]
tests/mac/test_9router_deploy.py::test_release_path_rejects_invalid_version_before_join[.] PASSED [ 11%]
tests/mac/test_9router_deploy.py::test_release_path_rejects_invalid_version_before_join[..] PASSED [ 11%]
tests/mac/test_9router_deploy.py::test_release_path_rejects_invalid_version_before_join[] PASSED [ 12%]
tests/mac/test_9router_deploy.py::test_partial_enrollment_never_falls_back_to_legacy_deploy PASSED [ 12%]
tests/mac/test_9router_deploy.py::test_http_explicit_base_does_not_change_global PASSED [ 12%]
tests/mac/test_9router_deploy.py::test_http_authenticates_models_without_changing_get_method[/api/version-None-False] PASSED [ 13%]
tests/mac/test_9router_deploy.py::test_http_authenticates_models_without_changing_get_method[/v1/models-None-True] PASSED [ 13%]
tests/mac/test_9router_deploy.py::test_http_authenticates_models_without_changing_get_method[/v1/chat/completions-body2-True] PASSED [ 13%]
tests/mac/test_9router_deploy.py::test_verify_reports_missing_models_probe_key PASSED [ 14%]
tests/mac/test_9router_deploy.py::test_stream_probe_propagates_private_base_without_mutating_global PASSED [ 14%]
tests/mac/test_9router_deploy.py::test_verify_propagates_private_base_to_all_probes PASSED [ 14%]
tests/mac/test_9router_deploy.py::test_stream_once_uses_explicit_private_base PASSED [ 15%]
tests/mac/test_9router_hotswap.py::test_shared_environment_enrollment_preserves_literal_values PASSED [ 15%]
tests/mac/test_9router_hotswap.py::test_shared_environment_refuses_unproven_continuity[export JWT_SECRET="$(touch unsafe)"] PASSED [ 15%]
tests/mac/test_9router_hotswap.py::test_shared_environment_refuses_unproven_continuity[export JWT_SECRET="$UNKNOWN"] PASSED [ 16%]
tests/mac/test_9router_hotswap.py::test_shared_environment_refuses_unproven_continuity[export JWT_SECRET="duplicate"] PASSED [ 16%]
tests/mac/test_9router_hotswap.py::test_shared_environment_refuses_unproven_continuity[export DATA_DIR="/wrong/root"] PASSED [ 17%]
tests/mac/test_9router_hotswap.py::test_shared_environment_refuses_unproven_continuity[export NODE_OPTIONS="--require /foreign/code"] PASSED [ 17%]
tests/mac/test_9router_hotswap.py::test_shared_environment_refuses_unproven_continuity[source /foreign/env.sh] PASSED [ 17%]
tests/mac/test_9router_hotswap.py::test_shared_environment_refuses_unproven_continuity[export JWT_SECRET="a\\"b"] PASSED [ 18%]
tests/mac/test_9router_hotswap.py::test_shared_environment_refuses_unproven_continuity[export INITIAL_PASSWORD="a\\\\b"] PASSED [ 18%]
tests/mac/test_9router_hotswap.py::test_shared_environment_refuses_unproven_continuity[export DATA_DIR='$HOME/.9router'] PASSED [ 18%]
tests/mac/test_9router_hotswap.py::test_worker_data_root_resolves_to_controller_database PASSED [ 19%]
tests/mac/test_9router_hotswap.py::test_failed_candidate_never_changes_route PASSED [ 19%]
tests/mac/test_9router_hotswap.py::test_error_sse_candidate_keeps_old_route_and_worker PASSED [ 19%]
tests/mac/test_9router_hotswap.py::test_success_switches_only_after_verification PASSED [ 20%]
tests/mac/test_9router_hotswap.py::test_prejournal_crash_preserves_backup_and_allows_new_version[snapshot] PASSED [ 20%]
tests/mac/test_9router_hotswap.py::test_prejournal_crash_preserves_backup_and_allows_new_version[assets] PASSED [ 20%]
tests/mac/test_9router_hotswap.py::test_deployment_commit_crash_boundaries_reconcile[public] PASSED [ 21%]
tests/mac/test_9router_hotswap.py::test_deployment_commit_crash_boundaries_reconcile[drain] PASSED [ 21%]
tests/mac/test_9router_hotswap.py::test_deployment_commit_crash_boundaries_reconcile[pointer] PASSED [ 21%]
tests/mac/test_9router_hotswap.py::test_deployment_commit_crash_boundaries_reconcile[log] PASSED [ 22%]
tests/mac/test_9router_hotswap.py::test_worker_disappearance_preserves_route_without_blind_cleanup[candidate-ready] PASSED [ 22%]
tests/mac/test_9router_hotswap.py::test_worker_disappearance_preserves_route_without_blind_cleanup[route-published] PASSED [ 22%]
tests/mac/test_9router_hotswap.py::test_busy_inactive_slot_refuses_next_deploy PASSED [ 23%]
tests/mac/test_9router_hotswap.py::test_positive_app_work_preserves_inactive_worker[responses] PASSED [ 23%]
tests/mac/test_9router_hotswap.py::test_positive_app_work_preserves_inactive_worker[handlers] PASSED [ 23%]
tests/mac/test_9router_hotswap.py::test_positive_app_work_preserves_inactive_worker[upgrades] PASSED [ 24%]
tests/mac/test_9router_hotswap.py::test_positive_app_work_preserves_inactive_worker[cleanup] PASSED [ 24%]
tests/mac/test_9router_hotswap.py::test_positive_app_work_preserves_inactive_worker[persistence] PASSED [ 25%]
tests/mac/test_9router_hotswap.py::test_positive_app_work_preserves_inactive_worker[refresh] PASSED [ 25%]
tests/mac/test_9router_hotswap.py::test_positive_app_work_preserves_inactive_worker[background] PASSED [ 25%]
tests/mac/test_9router_hotswap.py::test_positive_app_work_preserves_inactive_worker[quota] PASSED [ 26%]
tests/mac/test_9router_hotswap.py::test_positive_app_work_preserves_inactive_worker[websocket] PASSED [ 26%]
tests/mac/test_9router_hotswap.py::test_missing_or_malformed_status_refuses_mutation[None] PASSED [ 26%]
tests/mac/test_9router_hotswap.py::test_missing_or_malformed_status_refuses_mutation[response1] PASSED [ 27%]
tests/mac/test_9router_hotswap.py::test_missing_or_malformed_status_refuses_mutation[response2] PASSED [ 27%]
tests/mac/test_9router_hotswap.py::test_unknown_worker_identity_preserves_both_workers[connections-True] PASSED [ 27%]
tests/mac/test_9router_hotswap.py::test_unknown_worker_identity_preserves_both_workers[connections--1] PASSED [ 28%]
tests/mac/test_9router_hotswap.py::test_unknown_worker_identity_preserves_both_workers[connections-None] PASSED [ 28%]
tests/mac/test_9router_hotswap.py::test_unknown_worker_identity_preserves_both_workers[appWork-None] PASSED [ 28%]
tests/mac/test_9router_hotswap.py::test_unknown_worker_identity_preserves_both_workers[version-foreign] PASSED [ 29%]
tests/mac/test_9router_hotswap.py::test_unknown_worker_identity_preserves_both_workers[slot-b] PASSED [ 29%]
tests/mac/test_9router_hotswap.py::test_unknown_worker_identity_preserves_both_workers[appPid-None] PASSED [ 29%]
tests/mac/test_9router_hotswap.py::test_unknown_worker_identity_preserves_both_workers[mode-failed] PASSED [ 30%]
tests/mac/test_9router_hotswap.py::test_controller_bootouts_only_after_worker_acknowledges_stopped PASSED [ 30%]
tests/mac/test_9router_hotswap.py::test_stop_refusal_preserves_slot_and_route PASSED [ 30%]
tests/mac/test_9router_hotswap.py::test_public_failure_resumes_old_slot_before_switching_back PASSED [ 31%]
tests/mac/test_9router_hotswap.py::test_failed_rollback_keeps_last_serving_route PASSED [ 31%]
tests/mac/test_9router_hotswap.py::test_manual_rollback_reuses_draining_worker_without_restart PASSED [ 31%]
tests/mac/test_9router_hotswap.py::test_flock_refuses_concurrent_deployment PASSED [ 32%]
tests/mac/test_9router_hotswap.py::test_lock_covers_retirement_and_every_route_mutation PASSED [ 32%]
tests/mac/test_9router_hotswap.py::test_corrupted_journal_refuses_without_worker_mutations PASSED [ 32%]
tests/mac/test_9router_hotswap.py::test_status_remains_diagnostic_when_worker_probe_fails PASSED [ 33%]
tests/mac/test_9router_hotswap.py::test_crash_recovery_uses_socket_route_authority[prepared] PASSED [ 33%]
tests/mac/test_9router_hotswap.py::test_crash_recovery_uses_socket_route_authority[verified] PASSED [ 34%]
tests/mac/test_9router_hotswap.py::test_crash_recovery_uses_socket_route_authority[switched] PASSED [ 34%]
tests/mac/test_9router_hotswap.py::test_crash_recovery_uses_socket_route_authority[committed] PASSED [ 34%]
tests/mac/test_9router_hotswap.py::test_crash_between_route_rename_and_state_commit_recovers_new_route PASSED [ 35%]
tests/mac/test_9router_hotswap.py::test_recovery_with_unknown_new_identity_preserves_workers PASSED [ 35%]
tests/mac/test_9router_hotswap.py::test_route_or_state_io_failure_never_bootouts_healthy_worker[replace_route] PASSED [ 35%]
tests/mac/test_9router_hotswap.py::test_route_or_state_io_failure_never_bootouts_healthy_worker[write_state] PASSED [ 36%]
tests/mac/test_9router_hotswap.py::test_legacy_qualification_receipt_cannot_enroll_managed_release PASSED [ 36%]
tests/mac/test_9router_hotswap.py::test_runtime_binding_mismatch_refuses_before_native_checks PASSED [ 36%]
tests/mac/test_9router_hotswap.py::test_qualification_refuses_invalid_shutdown_timestamp[nan] PASSED [ 37%]
tests/mac/test_9router_hotswap.py::test_qualification_refuses_invalid_shutdown_timestamp[inf] PASSED [ 37%]
tests/mac/test_9router_hotswap.py::test_qualification_refuses_invalid_shutdown_timestamp[True] PASSED [ 37%]
tests/mac/test_9router_hotswap.py::test_release_validation_does_not_require_snapshot_space PASSED [ 38%]
tests/mac/test_9router_hotswap.py::test_snapshot_refuses_low_space_before_creating_file PASSED [ 38%]
tests/mac/test_9router_hotswap.py::test_snapshot_sqlite_failure_is_a_controlled_refusal PASSED [ 38%]
tests/mac/test_9router_hotswap.py::test_route_slot_refuses_dangling_and_nonsocket_targets PASSED [ 39%]
tests/mac/test_9router_hotswap.py::test_real_validation_requires_receipt_even_in_guest PASSED [ 39%]
tests/mac/test_9router_hotswap.py::test_invalid_versions_refuse_before_side_effects[../escape] PASSED [ 39%]
tests/mac/test_9router_hotswap.py::test_invalid_versions_refuse_before_side_effects[/absolute] PASSED [ 40%]
tests/mac/test_9router_hotswap.py::test_invalid_versions_refuse_before_side_effects[v2/child] PASSED [ 40%]
tests/mac/test_9router_hotswap.py::test_invalid_versions_refuse_before_side_effects[] PASSED [ 40%]
tests/mac/test_9router_hotswap.py::test_invalid_versions_refuse_before_side_effects[.] PASSED [ 41%]
tests/mac/test_9router_hotswap.py::test_invalid_versions_refuse_before_side_effects[..] PASSED [ 41%]
tests/mac/test_9router_hotswap.py::test_successful_restore_preserves_the_actual_provider_database PASSED [ 42%]
tests/mac/test_9router_hotswap.py::test_managed_install_uses_exact_private_copy_without_package_hooks PASSED [ 42%]
tests/mac/test_9router_hotswap.py::test_malformed_stop_acknowledgement_never_grants_bootout PASSED [ 42%]
tests/mac/test_9router_hotswap.py::test_enrollment_rejects_package_before_executing_its_helper PASSED [ 43%]
tests/mac/test_9router_hotswap.py::test_managed_probe_does_not_retry_uncertain_completion PASSED [ 43%]
tests/mac/test_9router_hotswap.py::test_recovery_repairs_convenience_pointer_without_route_change PASSED [ 43%]
tests/mac/test_9router_hotswap.py::test_recovery_resumes_authoritative_draining_worker PASSED [ 44%]
tests/mac/test_9router_hotswap.py::test_candidate_stopped_after_probe_never_receives_public_route PASSED [ 44%]
tests/mac/test_9router_hotswap.py::test_asset_copy_failure_never_publishes_partial_bytes PASSED [ 44%]
tests/mac/test_9router_hotswap.py::test_enrollment_requires_explicit_maintenance_acknowledgement PASSED [ 45%]
tests/mac/test_9router_hotswap.py::test_enrollment_acknowledgement_is_not_a_qualification_bypass PASSED [ 45%]
tests/mac/test_9router_hotswap.py::test_rollback_does_not_require_broken_candidate_readiness PASSED [ 45%]
tests/mac/test_9router_hotswap.py::test_rollback_with_unknown_candidate_identity_preserves_serving_route PASSED [ 46%]
tests/mac/test_9router_hotswap.py::test_failed_private_candidate_can_reconcile_without_becoming_public PASSED [ 46%]
tests/mac/test_9router_hotswap.py::test_occupied_port_refuses_real_start_worker PASSED [ 46%]
tests/mac/test_9router_hotswap.py::test_startup_boundaries_preserve_route_and_recover_only_owned_candidates[config-published] PASSED [ 47%]
tests/mac/test_9router_hotswap.py::test_startup_boundaries_preserve_route_and_recover_only_owned_candidates[config-fsync] PASSED [ 47%]
tests/mac/test_9router_hotswap.py::test_startup_boundaries_preserve_route_and_recover_only_owned_candidates[bootstrap-failed] PASSED [ 47%]
tests/mac/test_9router_hotswap.py::test_startup_boundaries_preserve_route_and_recover_only_owned_candidates[bootstrap-failed-loaded] PASSED [ 48%]
tests/mac/test_9router_hotswap.py::test_startup_boundaries_preserve_route_and_recover_only_owned_candidates[bootstrap-loaded] PASSED [ 48%]
tests/mac/test_9router_hotswap.py::test_startup_boundaries_preserve_route_and_recover_only_owned_candidates[foreign-job] PASSED [ 48%]
tests/mac/test_9router_hotswap.py::test_startup_boundaries_preserve_route_and_recover_only_owned_candidates[loaded-without-sockets] PASSED [ 49%]
tests/mac/test_9router_hotswap.py::test_startup_boundaries_preserve_route_and_recover_only_owned_candidates[metadata-unreadable] PASSED [ 49%]
tests/mac/test_9router_hotswap.py::test_retirement_boundaries_recover_without_touching_serving_worker[stopping-checkpoint] PASSED [ 50%]
tests/mac/test_9router_hotswap.py::test_retirement_boundaries_recover_without_touching_serving_worker[stop-acknowledged] PASSED [ 50%]
tests/mac/test_9router_hotswap.py::test_retirement_boundaries_recover_without_touching_serving_worker[stopped-checkpoint] PASSED [ 50%]
tests/mac/test_9router_hotswap.py::test_retirement_boundaries_recover_without_touching_serving_worker[stopped-fsync] PASSED [ 51%]
tests/mac/test_9router_hotswap.py::test_retirement_boundaries_recover_without_touching_serving_worker[bootout] PASSED [ 51%]
tests/mac/test_9router_hotswap.py::test_retirement_boundaries_recover_without_touching_serving_worker[bootout-refused] PASSED [ 51%]
tests/mac/test_9router_hotswap.py::test_retirement_boundaries_recover_without_touching_serving_worker[cleanup-checkpoint] PASSED [ 52%]
tests/mac/test_9router_hotswap.py::test_retirement_boundaries_recover_without_touching_serving_worker[socket-unlinked] PASSED [ 52%]
tests/mac/test_9router_hotswap.py::test_retirement_boundaries_recover_without_touching_serving_worker[config-unlinked] PASSED [ 52%]
tests/mac/test_9router_hotswap.py::test_retirement_boundaries_recover_without_touching_serving_worker[cleanup-fsync] PASSED [ 53%]
tests/mac/test_9router_hotswap.py::test_retirement_boundaries_recover_without_touching_serving_worker[deallocation-fsync] PASSED [ 53%]
tests/mac/test_9router_hotswap.py::test_launch_config_preserves_shared_secrets_across_swap_and_rollback PASSED [ 53%]
tests/mac/test_9router_hotswap.py::test_changed_shared_environment_refuses_candidate_start PASSED [ 54%]
tests/mac/test_9router_hotswap.py::test_retirement_retry_refreshes_reopened_bridge_identity PASSED [ 54%]
tests/mac/test_9router_hotswap.py::test_retirement_recovery_refuses_replaced_socket PASSED [ 54%]
tests/mac/test_9router_hotswap.py::test_post_rename_directory_fsync_failure_recovers_published_bytes[route] PASSED [ 55%]
tests/mac/test_9router_hotswap.py::test_post_rename_directory_fsync_failure_recovers_published_bytes[journal] PASSED [ 55%]
tests/mac/test_9router_hotswap.py::test_rollback_intent_recovers_before_route_switch[resume] PASSED [ 55%]
tests/mac/test_9router_hotswap.py::test_rollback_intent_recovers_before_route_switch[probe] PASSED [ 56%]
tests/mac/test_9router_hotswap.py::test_interrupted_deployment_recovers_or_preserves_both_targets[private] PASSED [ 56%]
tests/mac/test_9router_hotswap.py::test_interrupted_deployment_recovers_or_preserves_both_targets[public] PASSED [ 56%]
tests/mac/test_9router_hotswap.py::test_interrupted_deployment_recovers_or_preserves_both_targets[both-private] PASSED [ 57%]
tests/mac/test_9router_hotswap.py::test_interrupted_deployment_recovers_or_preserves_both_targets[old-resume] PASSED [ 57%]
tests/mac/test_9router_hotswap.py::test_interrupted_deployment_recovers_or_preserves_both_targets[old-public] PASSED [ 57%]
tests/mac/test_9router_hotswap.py::test_enrollment_public_failure_preserves_failed_subcheck PASSED [ 58%]
tests/mac/test_9router_hotswap.py::test_enrollment_dispatch_resumes_every_maintenance_boundary[journal] PASSED [ 58%]
tests/mac/test_9router_hotswap.py::test_enrollment_dispatch_resumes_every_maintenance_boundary[refresh-created] PASSED [ 59%]
tests/mac/test_9router_hotswap.py::test_enrollment_dispatch_resumes_every_maintenance_boundary[refresh] PASSED [ 59%]
tests/mac/test_9router_hotswap.py::test_enrollment_dispatch_resumes_every_maintenance_boundary[snapshot-created] PASSED [ 59%]
tests/mac/test_9router_hotswap.py::test_enrollment_dispatch_resumes_every_maintenance_boundary[snapshot] PASSED [ 60%]
tests/mac/test_9router_hotswap.py::test_enrollment_dispatch_resumes_every_maintenance_boundary[assets] PASSED [ 60%]
tests/mac/test_9router_hotswap.py::test_enrollment_dispatch_resumes_every_maintenance_boundary[legacy-stop] PASSED [ 60%]
tests/mac/test_9router_hotswap.py::test_enrollment_dispatch_resumes_every_maintenance_boundary[worker-config] PASSED [ 61%]
tests/mac/test_9router_hotswap.py::test_enrollment_dispatch_resumes_every_maintenance_boundary[worker-plist] PASSED [ 61%]
tests/mac/test_9router_hotswap.py::test_enrollment_dispatch_resumes_every_maintenance_boundary[worker-bootstrap] PASSED [ 61%]
tests/mac/test_9router_hotswap.py::test_enrollment_dispatch_resumes_every_maintenance_boundary[route] PASSED [ 62%]
tests/mac/test_9router_hotswap.py::test_enrollment_dispatch_resumes_every_maintenance_boundary[proxy-config] PASSED [ 62%]
tests/mac/test_9router_hotswap.py::test_enrollment_dispatch_resumes_every_maintenance_boundary[proxy-plist] PASSED [ 62%]
tests/mac/test_9router_hotswap.py::test_enrollment_dispatch_resumes_every_maintenance_boundary[proxy-bootstrap] PASSED [ 63%]
tests/mac/test_9router_hotswap.py::test_enrollment_dispatch_resumes_every_maintenance_boundary[public] PASSED [ 63%]
tests/mac/test_9router_hotswap.py::test_enrollment_dispatch_resumes_every_maintenance_boundary[worker-bootstrap-refused] PASSED [ 63%]
tests/mac/test_9router_hotswap.py::test_enrollment_dispatch_resumes_every_maintenance_boundary[proxy-bootstrap-refused] PASSED [ 64%]
tests/mac/test_9router_hotswap.py::test_enrollment_dispatch_resumes_every_maintenance_boundary[bookkeeping] PASSED [ 64%]
tests/mac/test_9router_hotswap.py::test_enrollment_recovery_refuses_foreign_artifact[refresh.sqlite] PASSED [ 64%]
tests/mac/test_9router_hotswap.py::test_enrollment_recovery_refuses_foreign_artifact[pre-enrollment.sqlite] PASSED [ 65%]
tests/mac/test_9router_hotswap.py::test_enrollment_recovery_refuses_foreign_artifact[Caddyfile] PASSED [ 65%]
tests/mac/test_9router_hotswap.py::test_enrollment_recovery_refuses_foreign_artifact[proxy-job] PASSED [ 65%]
tests/mac/test_9router_hotswap.py::test_qualification_commands_never_use_production_defaults PASSED [ 66%]
tests/mac/test_9router_hotswap.py::test_qualification_scope_is_refused_on_the_laptop PASSED [ 66%]
tests/mac/test_9router_hotswap.py::test_guest_scope_binds_real_bytes_without_a_passing_receipt PASSED [ 67%]
tests/mac/test_9router_hotswap.py::test_paired_scope_enters_installed_dispatch_with_bound_journal[a] PASSED [ 67%]
tests/mac/test_9router_hotswap.py::test_paired_scope_enters_installed_dispatch_with_bound_journal[b] PASSED [ 67%]
tests/mac/test_9router_hotswap.py::test_paired_scope_refuses_unbound_or_changed_installation[missing] PASSED [ 68%]
tests/mac/test_9router_hotswap.py::test_paired_scope_refuses_unbound_or_changed_installation[duplicate] PASSED [ 68%]
tests/mac/test_9router_hotswap.py::test_paired_scope_refuses_unbound_or_changed_installation[swapped] PASSED [ 68%]
tests/mac/test_9router_hotswap.py::test_paired_scope_refuses_unbound_or_changed_installation[foreign] PASSED [ 69%]
tests/mac/test_9router_hotswap.py::test_paired_scope_refuses_unbound_or_changed_installation[version] PASSED [ 69%]
tests/mac/test_9router_hotswap.py::test_paired_scope_refuses_unbound_or_changed_installation[release] PASSED [ 69%]
tests/mac/test_9router_hotswap.py::test_paired_scope_refuses_unbound_or_changed_installation[symlink] PASSED [ 70%]
tests/mac/test_9router_hotswap.py::test_paired_scope_refuses_unbound_or_changed_installation[files] PASSED [ 70%]
tests/mac/test_9router_hotswap.py::test_paired_scope_refuses_unbound_or_changed_installation[manifest] PASSED [ 70%]
tests/mac/test_9router_hotswap.py::test_paired_scope_refuses_unbound_or_changed_installation[fingerprint] PASSED [ 71%]
tests/mac/test_9router_hotswap.py::test_paired_scope_refuses_unbound_or_changed_installation[archive] PASSED [ 71%]
tests/mac/test_9router_hotswap.py::test_paired_scope_refuses_unbound_or_changed_installation[private] PASSED [ 71%]
tests/mac/test_9router_hotswap.py::test_guest_scope_rejects_undeclared_copy_and_production_slot_layout[False] PASSED [ 72%]
tests/mac/test_9router_hotswap.py::test_guest_scope_rejects_undeclared_copy_and_production_slot_layout[True] PASSED [ 72%]
tests/mac/test_9router_hotswap.py::test_digest_cannot_authorize_another_records_identical_installation[False] PASSED [ 72%]
tests/mac/test_9router_hotswap.py::test_digest_cannot_authorize_another_records_identical_installation[True] PASSED [ 73%]
tests/mac/test_9router_hotswap.py::test_guest_scope_refuses_forged_or_stale_inputs[pass] PASSED [ 73%]
tests/mac/test_9router_hotswap.py::test_guest_scope_refuses_forged_or_stale_inputs[home] PASSED [ 73%]
tests/mac/test_9router_hotswap.py::test_guest_scope_refuses_forged_or_stale_inputs[runtime] PASSED [ 74%]
tests/mac/test_9router_hotswap.py::test_guest_scope_refuses_forged_or_stale_inputs[namespace] PASSED [ 74%]
tests/mac/test_9router_hotswap.py::test_guest_scope_refuses_forged_or_stale_inputs[archive] PASSED [ 75%]
tests/mac/test_9router_hotswap.py::test_guest_scope_refuses_forged_or_stale_inputs[files] PASSED [ 75%]
tests/mac/test_9router_hotswap.py::test_qualification_scope_refuses_failed_runtime_identity PASSED [ 75%]
tests/mac/test_9router_hotswap.py::test_restore_validates_every_slot_before_starting_jobs[mode] PASSED [ 76%]
tests/mac/test_9router_hotswap.py::test_restore_validates_every_slot_before_starting_jobs[digest] PASSED [ 76%]
tests/mac/test_9router_hotswap.py::test_restore_validates_every_slot_before_starting_jobs[configuration] PASSED [ 76%]
tests/mac/test_9router_hotswap.py::test_restore_validates_every_slot_before_starting_jobs[stopped-digest] PASSED [ 77%]
tests/mac/test_9router_hotswap.py::test_restore_validates_every_slot_before_starting_jobs[active-missing] PASSED [ 77%]
tests/mac/test_9router_hotswap.py::test_restore_validates_every_slot_before_starting_jobs[active-stopped] PASSED [ 77%]
tests/mac/test_9router_hotswap.py::test_restore_validates_every_slot_before_starting_jobs[active-draining] PASSED [ 78%]
tests/mac/test_9router_hotswap.py::test_restore_validates_every_slot_before_starting_jobs[second-active] PASSED [ 78%]
tests/mac/test_9router_hotswap.py::test_restore_starts_jobs_only_after_complete_validation PASSED [ 78%]
tests/mac/test_9router_hotswap.py::test_bootout_waits_for_positive_job_absence[delayed] PASSED [ 79%]
tests/mac/test_9router_hotswap.py::test_bootout_waits_for_positive_job_absence[timeout] PASSED [ 79%]
tests/mac/test_9router_hotswap.py::test_bootout_waits_for_positive_job_absence[unreadable] PASSED [ 79%]
tests/mac/test_9router_hotswap.py::test_isolated_scope_never_stops_legacy_guest_baseline PASSED [ 80%]
tests/mac/test_9router_vm_qualify.py::ReceiptTest::test_authentication_and_recovery_cannot_fill_healthy_population PASSED [ 80%]
tests/mac/test_9router_vm_qualify.py::ReceiptTest::test_cleanup_failure_reactivation_and_short_interval_refuse PASSED [ 80%]
tests/mac/test_9router_vm_qualify.py::ReceiptTest::test_exported_bytes_and_complete_populations_are_accepted PASSED [ 81%]
tests/mac/test_9router_vm_qualify.py::ReceiptTest::test_format_only_and_tampered_exports_are_refused PASSED [ 81%]
tests/mac/test_9router_vm_qualify.py::ReceiptTest::test_hash_bound_but_insufficient_continuity_is_refused PASSED [ 81%]
tests/mac/test_9router_vm_qualify.py::LifecycleTest::test_cleanup_failure_cannot_pass_even_with_guest_success PASSED [ 82%]
tests/mac/test_9router_vm_qualify.py::LifecycleTest::test_every_work_failure_still_closes_stops_and_observes_twice PASSED [ 82%]
tests/mac/test_9router_vm_qualify.py::LifecycleTest::test_foreign_or_running_devbox_is_not_claimed_or_stopped PASSED [ 82%]
tests/mac/test_9router_vm_qualify.py::LifecycleTest::test_successful_callback_is_not_a_qualification_receipt PASSED [ 83%]
tests/mac/test_9router_vm_qualify.py::RuntimeBindingTest::test_guest_caddy_provisioning_accepts_only_pinned_archive PASSED [ 83%]
tests/mac/test_9router_vm_qualify.py::RuntimeBindingTest::test_guest_dispatch_refuses_static_and_native_mismatch_before_dependencies PASSED [ 84%]
tests/mac/test_9router_vm_qualify.py::RuntimeBindingTest::test_guest_runtime_reuses_existing_pinned_caddy_without_download PASSED [ 84%]
tests/mac/test_9router_vm_qualify.py::RuntimeBindingTest::test_host_stage_binds_static_source_without_host_native_observations PASSED [ 84%]
tests/mac/test_9router_vm_qualify.py::RuntimeBindingTest::test_preflight_accepts_guest_binaries_and_pins_fixture_controller_path PASSED [ 85%]
tests/mac/test_9router_vm_qualify.py::BootstrapTest::test_archive_links_and_legacy_manifest_are_refused PASSED [ 85%]
tests/mac/test_9router_vm_qualify.py::BootstrapTest::test_guest_and_baseline_refuse_host_execution PASSED [ 85%]
tests/mac/test_9router_vm_qualify.py::BootstrapTest::test_guest_child_failure_keeps_only_redacted_output PASSED [ 86%]
tests/mac/test_9router_vm_qualify.py::BootstrapTest::test_guest_dispatch_prepares_paired_fixture_and_single_live_baseline PASSED [ 86%]
tests/mac/test_9router_vm_qualify.py::BootstrapTest::test_host_run_creates_persistent_parent_before_new_run_directory PASSED [ 86%]
tests/mac/test_9router_vm_qualify.py::BootstrapTest::test_host_run_requires_current_acknowledgement_before_any_activation PASSED [ 87%]
tests/mac/test_9router_vm_qualify.py::BootstrapTest::test_isolated_environment_does_not_forward_credentials_or_module_injection PASSED [ 87%]
tests/mac/test_9router_vm_qualify.py::BootstrapTest::test_models_and_metacharacters_remain_separate_argv_values PASSED [ 87%]
tests/mac/test_9router_vm_qualify.py::BootstrapTest::test_prerequisite_checks_keep_socket_temporary_paths_short PASSED [ 88%]
tests/mac/test_9router_vm_qualify.py::BootstrapTest::test_record_check_keeps_failed_populations_out_of_receipt PASSED [ 88%]
tests/mac/test_9router_vm_qualify.py::BootstrapTest::test_supplementary_unit_population_rejects_missing_modules_and_skips PASSED [ 88%]
tests/mac/test_9router_vm_qualify.py::RuntimeProvisioningTest::test_repeated_runs_reuse_the_same_hash_bound_binary_and_path PASSED [ 89%]
tests/mac/test_9router_vm_qualify.py::RuntimeProvisioningTest::test_run_specific_tool_paths_refuse_before_download PASSED [ 89%]
tests/mac/test_9router_vm_qualify.py::ConcurrentApiTest::test_api_is_polled_during_streams_and_latency_is_measured PASSED [ 89%]
tests/mac/test_9router_vm_qualify.py::ConcurrentApiTest::test_stalled_wrong_version_and_zero_population_api_refuse PASSED [ 90%]
tests/mac/test_9router_vm_qualify.py::NativeReviewIdentityTest::test_existing_review_counterfactual_terminal_is_accepted_but_wrong_terminal_refuses PASSED [ 90%]
tests/mac/test_9router_path_watchdog.py::test_no_kick_on_first_failure PASSED [ 90%]
tests/mac/test_9router_path_watchdog.py::test_second_failure_kicks_targets PASSED [ 91%]
tests/mac/test_9router_path_watchdog.py::test_cooldown_suppresses_repeat_kick PASSED [ 91%]
tests/mac/test_9router_path_watchdog.py::test_success_resets_streak PASSED [ 92%]
tests/mac/test_9router_path_watchdog.py::test_kickstart_command_shapes PASSED [ 92%]
tests/mac/test_9router_path_watchdog.py::test_dry_run_apply_does_not_mutate_last_kick PASSED [ 92%]
tests/mac/test_9router_path_watchdog.py::test_watchdog_does_not_restart_healthy_draining_worker PASSED [ 93%]
tests/mac/test_9router_path_watchdog.py::test_failed_proxy_targets_only_proxy PASSED [ 93%]
tests/mac/test_9router_path_watchdog.py::test_confirmed_active_failure_does_not_restart_tailscale PASSED [ 93%]
tests/mac/test_9router_path_watchdog.py::test_unknown_managed_control_alarms_without_worker_kick[status0] PASSED [ 94%]
tests/mac/test_9router_path_watchdog.py::test_unknown_managed_control_alarms_without_worker_kick[status1] PASSED [ 94%]
tests/mac/test_9router_path_watchdog.py::test_unknown_managed_control_alarms_without_worker_kick[status2] PASSED [ 94%]
tests/mac/test_9router_path_watchdog.py::test_unknown_managed_control_alarms_without_worker_kick[status3] PASSED [ 95%]
tests/mac/test_9router_path_watchdog.py::test_managed_kickstart_labels_are_concrete PASSED [ 95%]
tests/mac/test_9router_path_watchdog.py::test_unenrolled_watchdog_retains_legacy_probe_targets PASSED [ 95%]
tests/mac/test_9router_path_watchdog.py::test_enrollment_directory_without_journal_is_not_legacy PASSED [ 96%]
tests/mac/test_9router_path_watchdog.py::test_cycle_uses_managed_decisions PASSED [ 96%]
tests/mac/test_9router_path_watchdog.py::test_failure_streak_is_reset_when_active_slot_changes PASSED [ 96%]
tests/mac/test_9router_path_watchdog.py::test_managed_watchdog_lock_excludes_controller_mutation PASSED [ 97%]
tests/mac/test_9router_path_watchdog.py::test_managed_status_runs_as_requested_home PASSED [ 97%]
tests/mac/test_9router_path_watchdog.py::test_cycle_unknown_enrollment_is_degraded_not_legacy PASSED [ 97%]
tests/mac/test_9router_devbox_restore.py::RestoreTest::test_live_authentication_without_guest_credentials_is_an_explicit_blocker PASSED [ 98%]
tests/mac/test_9router_devbox_restore.py::RestoreTest::test_native_schema_seed_has_independent_secrets_and_never_resets_existing_state PASSED [ 98%]
tests/mac/test_9router_devbox_restore.py::RestoreTest::test_restore_and_baseline_refusal_leave_referenced_state_untouched PASSED [ 98%]
tests/mac/test_9router_devbox_restore.py::RestoreTest::test_restore_dispatches_only_scoped_controller_without_resetting_database PASSED [ 99%]
tests/mac/test_9router_devbox_restore.py::RestoreTest::test_wrapper_arguments_preserve_spaces_and_metacharacters PASSED [ 99%]
tests/mac/test_9router_worker_templates.py::test_templates PASSED        [100%]

- generated xml file: /Volumes/devbox/9router/qualification/qualify-9b3966a9e3c449139b67a496f8f9dcb5/evidence/mac-tests.xml -
============================= 288 passed in 1.98s ==============================
