task5-self-check-population: 9 file(s)
task5-self-check-paths: ["scripts/mac/9router_deploy.py", "scripts/mac/9router_hotswap.py", "scripts/mac/9router_path_watchdog.py", "scripts/mac/9router_vm_qualify.py", "tests/mac/test_9router_deploy.py", "tests/mac/test_9router_devbox_restore.py", "tests/mac/test_9router_hotswap.py", "tests/mac/test_9router_path_watchdog.py", "tests/mac/test_9router_vm_qualify.py"]
self-check: 26 function(s) above C901 cyclomatic limit 5 (secondary heuristic):
  NOT diff-scoped and NOT the Sonar metric. ruff has no baseline mode here, so this list is whole-file and may be entirely pre-existing debt; S3776 above is the scoped, gate-relevant one (PI-335).

  scripts/mac/9router_hotswap.py:2002:5: C901 `main` is too complex (10 > 5)
  scripts/mac/9router_hotswap.py:196:5: C901 `qualification_destinations` is too complex (9 > 5)
  scripts/mac/9router_hotswap.py:438:5: C901 `qualification` is too complex (9 > 5)
  scripts/mac/9router_hotswap.py:319:5: C901 `qualification_identity` is too complex (8 > 5)
  scripts/mac/9router_hotswap.py:377:5: C901 `verify_qualification_package` is too complex (6 > 5)
  scripts/mac/9router_hotswap.py:527:5: C901 `validate_package` is too complex (6 > 5)
  scripts/mac/9router_hotswap.py:1971:5: C901 `restore_qualification` is too complex (6 > 5)
  scripts/mac/9router_path_watchdog.py:214:5: C901 `managed_status` is too complex (7 > 5)
  scripts/mac/9router_path_watchdog.py:248:5: C901 `managed_lock` is too complex (7 > 5)
  scripts/mac/9router_path_watchdog.py:369:5: C901 `kickstart_commands` is too complex (6 > 5)
  scripts/mac/9router_path_watchdog.py:435:5: C901 `cycle` is too complex (6 > 5)
  scripts/mac/9router_vm_qualify.py:2640:5: C901 `main` is too complex (8 > 5)
  scripts/mac/9router_vm_qualify.py:1338:5: C901 `guest_command` is too complex (7 > 5)
  scripts/mac/9router_vm_qualify.py:2427:5: C901 `cmd_run` is too complex (7 > 5)
  scripts/mac/9router_vm_qualify.py:438:5: C901 `observe_shutdown` is too complex (6 > 5)
  scripts/mac/9router_vm_qualify.py:1057:5: C901 `prepare_scope` is too complex (6 > 5)
  scripts/mac/9router_vm_qualify.py:1156:5: C901 `initialize_baseline` is too complex (6 > 5)
  scripts/mac/9router_vm_qualify.py:1544:5: C901 `prerequisite_checks` is too complex (6 > 5)
  tests/mac/test_9router_hotswap.py:2084:5: C901 `test_paired_scope_refuses_unbound_or_changed_installation` is too complex (12 > 5)
  tests/mac/test_9router_hotswap.py:2254:5: C901 `test_restore_validates_every_slot_before_starting_jobs` is too complex (11 > 5)
  tests/mac/test_9router_hotswap.py:2205:5: C901 `test_guest_scope_refuses_forged_or_stale_inputs` is too complex (6 > 5)
  tests/mac/test_9router_vm_qualify.py:574:9: C901 `test_host_stage_binds_static_source_without_host_native_observations` is too complex (8 > 5)
  tests/mac/test_9router_vm_qualify.py:588:17: C901 `git_output` is too complex (7 > 5)
  tests/mac/test_9router_vm_qualify.py:313:9: C901 `fixture_work` is too complex (6 > 5)
  tests/mac/test_9router_vm_qualify.py:327:9: C901 `exercise` is too complex (6 > 5)
  tests/mac/test_9router_vm_qualify.py:1225:9: C901 `exercise` is too complex (6 > 5)

self-check: 37 PRE-EXISTING function(s) above the C901 cyclomatic limit 5 — unchanged from the merge base.
  C901 is a secondary heuristic, not Sonar's metric; these are context only and do not block this new-code-scoped push.

  scripts/mac/9router_deploy.py:151:5: C901 `stream_once` is too complex (9 > 5)
  scripts/mac/9router_deploy.py:338:5: C901 `cmd_deploy` is too complex (7 > 5)
  scripts/mac/9router_deploy.py:215:5: C901 `verify` is too complex (6 > 5)
  scripts/mac/9router_hotswap.py:1035:5: C901 `start_worker` is too complex (12 > 5)
  scripts/mac/9router_hotswap.py:1825:5: C901 `resume_enrollment` is too complex (10 > 5)
  scripts/mac/9router_hotswap.py:1332:5: C901 `reconcile_locked` is too complex (9 > 5)
  scripts/mac/9router_hotswap.py:703:5: C901 `read_control_response` is too complex (8 > 5)
  scripts/mac/9router_hotswap.py:1411:5: C901 `retire_slot` is too complex (8 > 5)
  scripts/mac/9router_hotswap.py:1559:5: C901 `deploy_tarball` is too complex (8 > 5)
  scripts/mac/9router_hotswap.py:1680:5: C901 `enroll` is too complex (8 > 5)
  scripts/mac/9router_hotswap.py:234:5: C901 `concrete_release` is too complex (7 > 5)
  scripts/mac/9router_hotswap.py:549:5: C901 `installed_package_hashes` is too complex (7 > 5)
  scripts/mac/9router_hotswap.py:756:5: C901 `worker_status` is too complex (7 > 5)
  scripts/mac/9router_hotswap.py:793:5: C901 `read_state` is too complex (7 > 5)
  scripts/mac/9router_hotswap.py:1457:5: C901 `rollback_locked` is too complex (7 > 5)
  scripts/mac/9router_hotswap.py:107:5: C901 `private_directory` is too complex (6 > 5)
  scripts/mac/9router_hotswap.py:599:5: C901 `stage_assets` is too complex (6 > 5)
  scripts/mac/9router_hotswap.py:672:5: C901 `control` is too complex (6 > 5)
  scripts/mac/9router_hotswap.py:941:5: C901 `cleanup_slot` is too complex (6 > 5)
  scripts/mac/9router_hotswap.py:987:5: C901 `shared_environment` is too complex (6 > 5)
  scripts/mac/9router_hotswap.py:1251:5: C901 `slot_needs_recovery` is too complex (6 > 5)
  scripts/mac/9router_hotswap.py:1501:5: C901 `deploy_locked` is too complex (6 > 5)
  scripts/mac/9router_hotswap.py:1773:5: C901 `prepare_enrollment` is too complex (6 > 5)
  scripts/mac/9router_hotswap.py:1870:5: C901 `proxy_enrollment` is too complex (6 > 5)
  scripts/mac/9router_path_watchdog.py:338:5: C901 `decide_kicks` is too complex (6 > 5)
  scripts/mac/9router_path_watchdog.py:401:5: C901 `apply_kicks` is too complex (6 > 5)
  tests/mac/test_9router_hotswap.py:1780:5: C901 `test_enrollment_dispatch_resumes_every_maintenance_boundary` is too complex (12 > 5)
  tests/mac/test_9router_hotswap.py:406:5: C901 `test_deployment_commit_crash_boundaries_reconcile` is too complex (9 > 5)
  tests/mac/test_9router_hotswap.py:1217:5: C901 `test_startup_boundaries_preserve_route_and_recover_only_owned_candidates` is too complex (9 > 5)
  tests/mac/test_9router_hotswap.py:1130:5: C901 `lifecycle_controller` is too complex (8 > 5)
  tests/mac/test_9router_hotswap.py:1354:5: C901 `test_retirement_boundaries_recover_without_touching_serving_worker` is too complex (8 > 5)
  tests/mac/test_9router_hotswap.py:89:5: C901 `controller` is too complex (7 > 5)
  tests/mac/test_9router_hotswap.py:1542:5: C901 `test_interrupted_deployment_recovers_or_preserves_both_targets` is too complex (7 > 5)
  tests/mac/test_9router_hotswap.py:68:5: C901 `fixture_control` is too complex (6 > 5)
  tests/mac/test_9router_hotswap.py:1272:5: C901 `assert_startup_recovery` is too complex (6 > 5)
  tests/mac/test_9router_hotswap.py:1578:5: C901 `enrollment_launchctl` is too complex (6 > 5)
  tests/mac/test_9router_hotswap.py:1617:5: C901 `enrollment_controller` is too complex (6 > 5)

Extract-function before pushing; a CI round-trip costs a push and a wait per round.
NOTE: self-check does NOT cover non-complexity rules (S2083, S5864, etc.) — run `sonar_pr_issues.py <PR>` once the CI scan completes.
