TAP version 13
# Subtest: serves h2c POST requests as HTTP/1.1
not ok 1 - serves h2c POST requests as HTTP/1.1
  ---
  duration_ms: 10003.065125
  type: 'test'
  location: '/Volumes/devbox/9router/qualification/qualify-06d4f3ab64884a6f8f51fc29a7f892af/h2c-baseline/tests/unit/custom-server-h2c.test.cjs:6:1'
  failureType: 'testTimeoutFailure'
  error: 'test timed out after 10000ms'
  code: 'ERR_TEST_FAILURE'
  ...
1..1
# tests 1
# suites 0
# pass 0
# fail 0
# cancelled 1
# skipped 0
# todo 0
# duration_ms 10055.582
