TAP version 13
# Subtest: serves split h2c POST requests as HTTP/1.1
not ok 1 - serves split h2c POST requests as HTTP/1.1
  ---
  duration_ms: 2040.283583
  type: 'test'
  location: '/Volumes/devbox/qde12e533/h2c-counterfactual/tests/unit/custom-server-h2c.test.cjs:7:3'
  failureType: 'testCodeFailure'
  error: 'h2c fallback response timed out'
  code: 'ERR_TEST_FAILURE'
  stack: |-
    Socket.<anonymous> (/Volumes/devbox/qde12e533/h2c-counterfactual/tests/unit/custom-server-h2c.test.cjs:61:18)
    Socket.wrapper (node:events:639:12)
    Socket.emit (node:events:514:20)
    Socket._onTimeout (node:net:886:8)
    Timeout.onStreamTimeout (node:internal/stream_base_commons:242:10)
    listOnTimeout (node:internal/timers:687:11)
    process.processTimers (node:internal/timers:618:7)
  ...
# Subtest: serves coalesced h2c POST requests as HTTP/1.1
not ok 2 - serves coalesced h2c POST requests as HTTP/1.1
  ---
  duration_ms: 2008.117791
  type: 'test'
  location: '/Volumes/devbox/qde12e533/h2c-counterfactual/tests/unit/custom-server-h2c.test.cjs:7:3'
  failureType: 'testCodeFailure'
  error: 'h2c fallback response timed out'
  code: 'ERR_TEST_FAILURE'
  stack: |-
    Socket.<anonymous> (/Volumes/devbox/qde12e533/h2c-counterfactual/tests/unit/custom-server-h2c.test.cjs:61:18)
    Socket.wrapper (node:events:639:12)
    Socket.emit (node:events:514:20)
    Socket._onTimeout (node:net:886:8)
    Timeout.onStreamTimeout (node:internal/stream_base_commons:242:10)
    listOnTimeout (node:internal/timers:687:11)
    process.processTimers (node:internal/timers:618:7)
  ...
# Failed to downgrade h2c request AssertionError [ERR_ASSERTION]: Expected values to be strictly equal:
# + actual - expected
# + ''
# - '{"model":"test","stream":true}'
#     at /Volumes/devbox/qde12e533/h2c-counterfactual/tests/unit/custom-server-h2c.test.cjs:22:14
#     at process.processTicksAndRejections (node:internal/process/task_queues:104:5) {
#   generatedMessage: true,
#   code: 'ERR_ASSERTION',
#   actual: '',
#   expected: '{"model":"test","stream":true}',
#   operator: 'strictEqual',
#   diff: 'simple'
# }
# Subtest: serves chunked h2c POST requests as HTTP/1.1
not ok 3 - serves chunked h2c POST requests as HTTP/1.1
  ---
  duration_ms: 3.294083
  type: 'test'
  location: '/Volumes/devbox/qde12e533/h2c-counterfactual/tests/unit/custom-server-h2c.test.cjs:7:3'
  failureType: 'testCodeFailure'
  error: |-
    The input did not match the regular expression /^HTTP\/1\.1 200 OK\r\n/. Input:
    
    ''
    
  code: 'ERR_ASSERTION'
  name: 'AssertionError'
  expected:
  actual: ''
  operator: 'match'
  stack: |-
    TestContext.<anonymous> (/Volumes/devbox/qde12e533/h2c-counterfactual/tests/unit/custom-server-h2c.test.cjs:68:14)
    process.processTicksAndRejections (node:internal/process/task_queues:104:5)
    async Test.run (node:internal/test_runner/test:1409:7)
    async Test.processPendingSubtests (node:internal/test_runner/test:974:7)
  ...
# Subtest: serves empty h2c POST requests as HTTP/1.1
ok 4 - serves empty h2c POST requests as HTTP/1.1
  ---
  duration_ms: 3.31625
  type: 'test'
  ...
# Subtest: preserves non-h2c upgrade selection
ok 5 - preserves non-h2c upgrade selection
  ---
  duration_ms: 2.061083
  type: 'test'
  ...
1..5
# tests 5
# suites 0
# pass 2
# fail 3
# cancelled 0
# skipped 0
# todo 0
# duration_ms 4134.5075
