TAP version 13
# TRACE listening
# TRACE accepted
# TRACE client-connected
# TRACE client-body-write
# TRACE server-event upgrade {
#   host: '127.0.0.1:49717',
#   connection: 'Upgrade, HTTP2-Settings',
#   upgrade: 'h2c',
#   'http2-settings': 'AAEAAEAAAAIAAAAAAAMAAAAAAAQBAAAAAAUAAEAAAAYABgAA',
#   'content-length': '30',
#   'content-type': 'application/json'
# } 0
# TRACE client-timeout
# TRACE server-close-start
# Subtest: serves h2c POST requests as HTTP/1.1
not ok 1 - serves h2c POST requests as HTTP/1.1
  ---
  duration_ms: 10002.463125
  type: 'test'
  location: '/Volumes/devbox/qde12e533/baseline/tests/unit/h2c-diagnostic.cjs:6:1'
  failureType: 'testTimeoutFailure'
  error: 'test timed out after 10000ms'
  code: 'ERR_TEST_FAILURE'
  ...
1..1
# tests 1
# suites 0
# pass 0
# fail 0
# cancelled 1
# skipped 0
# todo 0
# duration_ms 10061.554208
