TAP version 13
# Subtest: serves split h2c POST requests as HTTP/1.1
ok 1 - serves split h2c POST requests as HTTP/1.1
  ---
  duration_ms: 39.557084
  type: 'test'
  ...
# Subtest: serves coalesced h2c POST requests as HTTP/1.1
ok 2 - serves coalesced h2c POST requests as HTTP/1.1
  ---
  duration_ms: 10.784875
  type: 'test'
  ...
# Subtest: serves chunked h2c POST requests as HTTP/1.1
ok 3 - serves chunked h2c POST requests as HTTP/1.1
  ---
  duration_ms: 28.468083
  type: 'test'
  ...
# Subtest: serves empty h2c POST requests as HTTP/1.1
ok 4 - serves empty h2c POST requests as HTTP/1.1
  ---
  duration_ms: 1.307125
  type: 'test'
  ...
# Subtest: preserves non-h2c upgrade selection
ok 5 - preserves non-h2c upgrade selection
  ---
  duration_ms: 2.048584
  type: 'test'
  ...
1..5
# tests 5
# suites 0
# pass 5
# fail 0
# cancelled 0
# skipped 0
# todo 0
# duration_ms 132.391958
