TAP version 13
# Subtest: serves h2c POST requests as HTTP/1.1
not ok 1 - serves h2c POST requests as HTTP/1.1
  ---
  duration_ms: 10002.212167
  type: 'test'
  location: '/Volumes/devbox/9router/qualification/qualify-a5479610a3ba43a1b868967b775d35a2/h2c-baseline/tests/unit/custom-server-h2c.test.cjs:6:1'
  failureType: 'testTimeoutFailure'
  error: 'test timed out after 10000ms'
  code: 'ERR_TEST_FAILURE'
  ...
1..1
# tests 1
# suites 0
# pass 0
# fail 0
# cancelled 1
# skipped 0
# todo 0
# duration_ms 10048.58975
