TAP version 13
# Subtest: serves split h2c POST requests as HTTP/1.1
ok 1 - serves split h2c POST requests as HTTP/1.1
  ---
  duration_ms: 45.61825
  type: 'test'
  ...
# Subtest: serves coalesced h2c POST requests as HTTP/1.1
ok 2 - serves coalesced h2c POST requests as HTTP/1.1
  ---
  duration_ms: 2.696584
  type: 'test'
  ...
# Subtest: serves chunked h2c POST requests as HTTP/1.1
ok 3 - serves chunked h2c POST requests as HTTP/1.1
  ---
  duration_ms: 30.0255
  type: 'test'
  ...
# Subtest: serves empty h2c POST requests as HTTP/1.1
ok 4 - serves empty h2c POST requests as HTTP/1.1
  ---
  duration_ms: 1.132958
  type: 'test'
  ...
# Subtest: preserves non-h2c upgrade selection
ok 5 - preserves non-h2c upgrade selection
  ---
  duration_ms: 1.321375
  type: 'test'
  ...
1..5
# tests 5
# suites 0
# pass 5
# fail 0
# cancelled 0
# skipped 0
# todo 0
# duration_ms 141.141542
